../Core/Src/main.c:97:5:main	8	static
../Core/Src/main.c:152:6:SystemClock_Config	160	static
../Core/Src/main.c:202:13:MX_ADC1_Init	48	static
../Core/Src/main.c:277:13:MX_TIM3_Init	64	static
../Core/Src/main.c:336:13:MX_TIM15_Init	96	static
../Core/Src/main.c:399:13:MX_DMA_Init	16	static
../Core/Src/main.c:417:13:MX_GPIO_Init	16	static
../Core/Src/main.c:437:6:HAL_ADC_ConvCpltCallback	16	static
../Core/Src/main.c:443:6:PID_Init	40	static
../Core/Src/main.c:455:7:PID_run	40	static
../Core/Src/main.c:485:6:Error_Handler	4	static,ignoring_inline_asm
