../Core/Src/main.c:101:5:main	8	static
../Core/Src/main.c:155:6:SystemClock_Config	160	static
../Core/Src/main.c:205:13:MX_ADC1_Init	48	static
../Core/Src/main.c:280:13:MX_TIM3_Init	64	static
../Core/Src/main.c:339:13:MX_TIM15_Init	96	static
../Core/Src/main.c:402:13:MX_DMA_Init	16	static
../Core/Src/main.c:420:13:MX_GPIO_Init	16	static
../Core/Src/main.c:440:6:HAL_ADC_ConvCpltCallback	16	static
../Core/Src/main.c:445:7:PID_run	40	static
../Core/Src/main.c:520:6:Error_Handler	4	static,ignoring_inline_asm
